******************************************************************************
                  TI ARM Linker PC v20.2.4                     
******************************************************************************
>> Linked Sat Dec 19 11:26:06 2020

OUTPUT FILE NAME:   <ece230project2BrothertonC.out>
ENTRY POINT SYMBOL: "_c_int00_noargs"  address: 000003b1


MEMORY CONFIGURATION

         name            origin    length      used     unused   attr    fill
----------------------  --------  ---------  --------  --------  ----  --------
  MAIN                  00000000   00040000  000005c6  0003fa3a  R  X
  INFO                  00200000   00004000  00000000  00004000  R  X
  SRAM_CODE             01000000   00010000  00000204  0000fdfc  RW X
  SRAM_DATA             20000000   00010000  00000204  0000fdfc  RW  


SEGMENT ALLOCATION MAP

run origin  load origin   length   init length attrs members
----------  ----------- ---------- ----------- ----- -------
00000000    00000000    000005c8   000005c8    r-x
  00000000    00000000    000000e4   000000e4    r-- .intvecs
  000000e4    000000e4    0000049a   0000049a    r-x .text
  00000580    00000580    00000030   00000030    r-- .const
  000005b0    000005b0    00000018   00000018    r-- .cinit
20000000    20000000    00000004   00000000    rw-
  20000000    20000000    00000004   00000000    rw- .data
2000fe00    2000fe00    00000200   00000000    rw-
  2000fe00    2000fe00    00000200   00000000    rw- .stack


SECTION ALLOCATION MAP

 output                                  attributes/
section   page    origin      length       input sections
--------  ----  ----------  ----------   ----------------
.intvecs   0    00000000    000000e4     
                  00000000    000000e4     startup_msp432p401r_ccs.obj (.intvecs:retain)

.text      0    000000e4    0000049a     
                  000000e4    0000009c     rtsv7M4_T_le_v4SPD16_eabi.lib : memcpy_t2.asm.obj (.text)
                  00000180    00000078     system_msp432p401r.obj (.text:SystemInit)
                  000001f8    00000074     main.obj (.text:ledBlink)
                  0000026c    00000068     rtsv7M4_T_le_v4SPD16_eabi.lib : copy_decompress_lzss.c.obj (.text:decompress:lzss:__TI_decompress_lzss)
                  000002d4    00000058     msp432p4xx_driverlib.lib : gpio.o (.text:GPIO_setAsInputPinWithPullUpResistor)
                  0000032c    00000044     rtsv7M4_T_le_v4SPD16_eabi.lib : autoinit.c.obj (.text:__TI_auto_init_nobinit_nopinit:__TI_auto_init_nobinit_nopinit)
                  00000370    00000040     msp432p4xx_driverlib.lib : gpio.o (.text:GPIO_setAsOutputPin)
                  000003b0    00000034     rtsv7M4_T_le_v4SPD16_eabi.lib : boot_cortex_m.c.obj (.text:_c_int00_noargs:_c_int00_noargs)
                  000003e4    00000032     main.obj (.text:loop)
                  00000416    00000002     startup_msp432p401r_ccs.obj (.text:Default_Handler)
                  00000418    00000030     msp432p4xx_driverlib.lib : gpio.o (.text:GPIO_getInputPinValue)
                  00000448    00000030     rgbLED.obj (.text:RGBLED_turnOnPortOnly)
                  00000478    00000028     msp432p4xx_driverlib.lib : gpio.o (.text:GPIO_setOutputLowOnPin)
                  000004a0    00000024     Switches.obj (.text:Switch_pressed)
                  000004c4    0000001e     main.obj (.text:debounce)
                  000004e2    00000002     --HOLE-- [fill = 0]
                  000004e4    0000001c     rgbLED.obj (.text:RGBLED_togglePin)
                  00000500    00000018     rgbLED.obj (.text:RGBLED_turnOff)
                  00000518    00000018     main.obj (.text:main)
                  00000530    00000014     rgbLED.obj (.text:RGBLED_init)
                  00000544    0000000e     rtsv7M4_T_le_v4SPD16_eabi.lib : copy_decompress_none.c.obj (.text:decompress:none:__TI_decompress_none)
                  00000552    0000000c     startup_msp432p401r_ccs.obj (.text:Reset_Handler)
                  0000055e    0000000c     Switches.obj (.text:Switch_init)
                  0000056a    0000000c     main.obj (.text:setup)
                  00000576    00000004     rtsv7M4_T_le_v4SPD16_eabi.lib : pre_init.c.obj (.text:_system_pre_init)
                  0000057a    00000004                                   : exit.c.obj (.text:abort:abort)

.const     0    00000580    00000030     
                  00000580    00000030     msp432p4xx_driverlib.lib : gpio.o (.const:GPIO_PORT_TO_BASE)

.cinit     0    000005b0    00000018     
                  000005b0    00000008     (__TI_handler_table)
                  000005b8    00000007     (.cinit..data.load) [load image, compression = lzss]
                  000005bf    00000001     --HOLE-- [fill = 0]
                  000005c0    00000008     (__TI_cinit_table)

.init_array 
*          0    00000000    00000000     UNINITIALIZED

.binit     0    00000000    00000000     

.data      0    20000000    00000004     UNINITIALIZED
                  20000000    00000004     main.obj (.data)

.stack     0    2000fe00    00000200     UNINITIALIZED
                  2000fe00    00000004     rtsv7M4_T_le_v4SPD16_eabi.lib : boot_cortex_m.c.obj (.stack)
                  2000fe04    000001fc     --HOLE--

__llvm_prf_cnts 
*          0    20000000    00000000     UNINITIALIZED

MODULE SUMMARY

       Module                        code   ro data   rw data
       ------                        ----   -------   -------
    .\
       main.obj                      232    0         8      
       rgbLED.obj                    120    0         0      
       system_msp432p401r.obj        120    0         0      
       Switches.obj                  48     0         0      
    +--+-----------------------------+------+---------+---------+
       Total:                        520    0         8      
                                                             
    .\ccs\
       startup_msp432p401r_ccs.obj   14     228       0      
    +--+-----------------------------+------+---------+---------+
       Total:                        14     228       0      
                                                             
    C:/ti/simplelink_msp432p4_sdk_3_40_01_02/source/ti/devices/msp432p4xx/driverlib/ccs/msp432p4xx_driverlib.lib
       gpio.o                        240    48        0      
    +--+-----------------------------+------+---------+---------+
       Total:                        240    48        0      
                                                             
    C:\ti\ccs1011\ccs\tools\compiler\ti-cgt-arm_20.2.4.LTS\lib\rtsv7M4_T_le_v4SPD16_eabi.lib
       memcpy_t2.asm.obj             156    0         0      
       copy_decompress_lzss.c.obj    104    0         0      
       autoinit.c.obj                68     0         0      
       boot_cortex_m.c.obj           52     0         0      
       copy_decompress_none.c.obj    14     0         0      
       exit.c.obj                    4      0         0      
       pre_init.c.obj                4      0         0      
    +--+-----------------------------+------+---------+---------+
       Total:                        402    0         0      
                                                             
       Stack:                        0      0         1024   
       Linker Generated:             0      23        0      
    +--+-----------------------------+------+---------+---------+
       Grand Total:                  1176   299       1032   


LINKER GENERATED COPY TABLES

__TI_cinit_table @ 000005c0 records: 1, size/record: 8, table size: 8
	.data: load addr=000005b8, load size=00000007 bytes, run addr=20000000, run size=00000004 bytes, compression=lzss


LINKER GENERATED HANDLER TABLE

__TI_handler_table @ 000005b0 records: 2, size/record: 4, table size: 8
	index: 0, handler: __TI_decompress_lzss
	index: 1, handler: __TI_decompress_none


GLOBAL SYMBOLS: SORTED ALPHABETICALLY BY Name 

address   name                                
-------   ----                                
00000417  ADC14_IRQHandler                    
00000417  AES256_IRQHandler                   
00000417  BusFault_Handler                    
0000057b  C$$EXIT                             
00000417  COMP_E0_IRQHandler                  
00000417  COMP_E1_IRQHandler                  
00000417  CS_IRQHandler                       
00000417  DMA_ERR_IRQHandler                  
00000417  DMA_INT0_IRQHandler                 
00000417  DMA_INT1_IRQHandler                 
00000417  DMA_INT2_IRQHandler                 
00000417  DMA_INT3_IRQHandler                 
00000417  DebugMon_Handler                    
00000417  Default_Handler                     
00000417  EUSCIA0_IRQHandler                  
00000417  EUSCIA1_IRQHandler                  
00000417  EUSCIA2_IRQHandler                  
00000417  EUSCIA3_IRQHandler                  
00000417  EUSCIB0_IRQHandler                  
00000417  EUSCIB1_IRQHandler                  
00000417  EUSCIB2_IRQHandler                  
00000417  EUSCIB3_IRQHandler                  
00000417  FLCTL_IRQHandler                    
00000417  FPU_IRQHandler                      
00000419  GPIO_getInputPinValue               
000002d5  GPIO_setAsInputPinWithPullUpResistor
00000371  GPIO_setAsOutputPin                 
00000479  GPIO_setOutputLowOnPin              
00000417  HardFault_Handler                   
00000417  MemManage_Handler                   
00000417  NMI_Handler                         
00000417  PCM_IRQHandler                      
00000417  PORT1_IRQHandler                    
00000417  PORT2_IRQHandler                    
00000417  PORT3_IRQHandler                    
00000417  PORT4_IRQHandler                    
00000417  PORT5_IRQHandler                    
00000417  PORT6_IRQHandler                    
00000417  PSS_IRQHandler                      
00000417  PendSV_Handler                      
00000531  RGBLED_init                         
000004e5  RGBLED_togglePin                    
00000501  RGBLED_turnOff                      
00000449  RGBLED_turnOnPortOnly               
00000417  RTC_C_IRQHandler                    
00000553  Reset_Handler                       
00000417  SVC_Handler                         
0000055f  Switch_init                         
000004a1  Switch_pressed                      
00000417  SysTick_Handler                     
00000181  SystemInit                          
00000417  T32_INT1_IRQHandler                 
00000417  T32_INT2_IRQHandler                 
00000417  T32_INTC_IRQHandler                 
00000417  TA0_0_IRQHandler                    
00000417  TA0_N_IRQHandler                    
00000417  TA1_0_IRQHandler                    
00000417  TA1_N_IRQHandler                    
00000417  TA2_0_IRQHandler                    
00000417  TA2_N_IRQHandler                    
00000417  TA3_0_IRQHandler                    
00000417  TA3_N_IRQHandler                    
00000417  UsageFault_Handler                  
4000480c  WDTCTL_SYM                          
00000417  WDT_A_IRQHandler                    
20010000  __STACK_END                         
00000200  __STACK_SIZE                        
000005c0  __TI_CINIT_Base                     
000005c8  __TI_CINIT_Limit                    
000005b0  __TI_Handler_Table_Base             
000005b8  __TI_Handler_Table_Limit            
0000032d  __TI_auto_init_nobinit_nopinit      
0000026d  __TI_decompress_lzss                
00000545  __TI_decompress_none                
ffffffff  __TI_pprof_out_hndl                 
ffffffff  __TI_prof_data_size                 
ffffffff  __TI_prof_data_start                
00000000  __TI_static_base__                  
000000e5  __aeabi_memcpy                      
000000e5  __aeabi_memcpy4                     
000000e5  __aeabi_memcpy8                     
ffffffff  __binit__                           
ffffffff  __c_args__                          
UNDEFED   __mpu_init                          
2000fe00  __stack                             
20000000  __start___llvm_prf_cnts             
20000000  __stop___llvm_prf_cnts              
000003b1  _c_int00_noargs                     
UNDEFED   _system_post_cinit                  
00000577  _system_pre_init                    
0000057b  abort                               
20000000  activeLED                           
ffffffff  binit                               
000004c5  debounce                            
00000000  interruptVectors                    
000001f9  ledBlink                            
000003e5  loop                                
00000519  main                                
000000e5  memcpy                              
0000056b  setup                               


GLOBAL SYMBOLS: SORTED BY Symbol Address 

address   name                                
-------   ----                                
00000000  __TI_static_base__                  
00000000  interruptVectors                    
000000e5  __aeabi_memcpy                      
000000e5  __aeabi_memcpy4                     
000000e5  __aeabi_memcpy8                     
000000e5  memcpy                              
00000181  SystemInit                          
000001f9  ledBlink                            
00000200  __STACK_SIZE                        
0000026d  __TI_decompress_lzss                
000002d5  GPIO_setAsInputPinWithPullUpResistor
0000032d  __TI_auto_init_nobinit_nopinit      
00000371  GPIO_setAsOutputPin                 
000003b1  _c_int00_noargs                     
000003e5  loop                                
00000417  ADC14_IRQHandler                    
00000417  AES256_IRQHandler                   
00000417  BusFault_Handler                    
00000417  COMP_E0_IRQHandler                  
00000417  COMP_E1_IRQHandler                  
00000417  CS_IRQHandler                       
00000417  DMA_ERR_IRQHandler                  
00000417  DMA_INT0_IRQHandler                 
00000417  DMA_INT1_IRQHandler                 
00000417  DMA_INT2_IRQHandler                 
00000417  DMA_INT3_IRQHandler                 
00000417  DebugMon_Handler                    
00000417  Default_Handler                     
00000417  EUSCIA0_IRQHandler                  
00000417  EUSCIA1_IRQHandler                  
00000417  EUSCIA2_IRQHandler                  
00000417  EUSCIA3_IRQHandler                  
00000417  EUSCIB0_IRQHandler                  
00000417  EUSCIB1_IRQHandler                  
00000417  EUSCIB2_IRQHandler                  
00000417  EUSCIB3_IRQHandler                  
00000417  FLCTL_IRQHandler                    
00000417  FPU_IRQHandler                      
00000417  HardFault_Handler                   
00000417  MemManage_Handler                   
00000417  NMI_Handler                         
00000417  PCM_IRQHandler                      
00000417  PORT1_IRQHandler                    
00000417  PORT2_IRQHandler                    
00000417  PORT3_IRQHandler                    
00000417  PORT4_IRQHandler                    
00000417  PORT5_IRQHandler                    
00000417  PORT6_IRQHandler                    
00000417  PSS_IRQHandler                      
00000417  PendSV_Handler                      
00000417  RTC_C_IRQHandler                    
00000417  SVC_Handler                         
00000417  SysTick_Handler                     
00000417  T32_INT1_IRQHandler                 
00000417  T32_INT2_IRQHandler                 
00000417  T32_INTC_IRQHandler                 
00000417  TA0_0_IRQHandler                    
00000417  TA0_N_IRQHandler                    
00000417  TA1_0_IRQHandler                    
00000417  TA1_N_IRQHandler                    
00000417  TA2_0_IRQHandler                    
00000417  TA2_N_IRQHandler                    
00000417  TA3_0_IRQHandler                    
00000417  TA3_N_IRQHandler                    
00000417  UsageFault_Handler                  
00000417  WDT_A_IRQHandler                    
00000419  GPIO_getInputPinValue               
00000449  RGBLED_turnOnPortOnly               
00000479  GPIO_setOutputLowOnPin              
000004a1  Switch_pressed                      
000004c5  debounce                            
000004e5  RGBLED_togglePin                    
00000501  RGBLED_turnOff                      
00000519  main                                
00000531  RGBLED_init                         
00000545  __TI_decompress_none                
00000553  Reset_Handler                       
0000055f  Switch_init                         
0000056b  setup                               
00000577  _system_pre_init                    
0000057b  C$$EXIT                             
0000057b  abort                               
000005b0  __TI_Handler_Table_Base             
000005b8  __TI_Handler_Table_Limit            
000005c0  __TI_CINIT_Base                     
000005c8  __TI_CINIT_Limit                    
20000000  __start___llvm_prf_cnts             
20000000  __stop___llvm_prf_cnts              
20000000  activeLED                           
2000fe00  __stack                             
20010000  __STACK_END                         
4000480c  WDTCTL_SYM                          
ffffffff  __TI_pprof_out_hndl                 
ffffffff  __TI_prof_data_size                 
ffffffff  __TI_prof_data_start                
ffffffff  __binit__                           
ffffffff  __c_args__                          
ffffffff  binit                               
UNDEFED   __mpu_init                          
UNDEFED   _system_post_cinit                  

[100 symbols]
